[05Sep2026 20:03:32.761] [main/INFO] [cpw.mods.modlauncher.Launcher/MODLAUNCHER]: ModLauncher running: args [--gameDir, /home/aric/MultiForge/upstream/neoforge-1.21.1/projects/neoforge/run/server, --fml.neoForgeVersion, 1.21.1-m9-design.47-beta-develop, --fml.fmlVersion, 4.0.24, --fml.mcVersion, 1.21.1, --fml.neoFormVersion, 20240808.144430, nogui, --launchTarget, forgeserverdev]
[05Sep2026 20:03:32.762] [main/INFO] [cpw.mods.modlauncher.Launcher/MODLAUNCHER]: JVM identified as Eclipse Adoptium OpenJDK 64-Bit Server VM 21.0.12.1+1-LTS
[05Sep2026 20:03:32.763] [main/INFO] [cpw.mods.modlauncher.Launcher/MODLAUNCHER]: ModLauncher 11.0.4+main.d2e20e43 starting: java version 21.0.12.1 by Eclipse Adoptium; OS Linux arch amd64 version 7.1.9-zen1-2-zen
[05Sep2026 20:03:32.820] [main/INFO] [net.neoforged.fml.loading.ImmediateWindowHandler/]: ImmediateWindowProvider not loading because launch target is forgeserverdev
[05Sep2026 20:03:32.845] [main/INFO] [mixin/]: SpongePowered MIXIN Subsystem Version=0.8.6 Source=union:/home/aric/.gradle/caches/modules-2/files-2.1/net.fabricmc/sponge-mixin/0.14.0+mixin.0.8.6/c265173c84346e9e5d42a2384b2b02bd39a4a899/sponge-mixin-0.14.0+mixin.0.8.6.jar%23169!/ Service=ModLauncher Env=SERVER
[05Sep2026 20:03:32.945] [main/INFO] [net.neoforged.fml.loading.moddiscovery.ModDiscoverer/SCAN]: Found mod file "main" [locator: neoforge devenv provider ([/home/aric/MultiForge/upstream/neoforge-1.21.1/projects/neoforge/build/resources/main, /home/aric/MultiForge/upstream/neoforge-1.21.1/projects/neoforge/build/classes/java/main])]
[05Sep2026 20:03:32.951] [main/INFO] [net.neoforged.fml.loading.moddiscovery.ModDiscoverer/SCAN]: Found mod file "main" [locator: neoforge devenv provider ([/home/aric/MultiForge/upstream/neoforge-1.21.1/projects/neoforge/build/resources/main, /home/aric/MultiForge/upstream/neoforge-1.21.1/projects/neoforge/build/classes/java/main])]
[05Sep2026 20:03:32.955] [main/INFO] [net.neoforged.fml.loading.moddiscovery.ModDiscoverer/SCAN]: Found mod file "main" [locator: userdev mods and services, reader: mod manifest]
[05Sep2026 20:03:32.981] [main/INFO] [net.neoforged.fml.loading.moddiscovery.locators.JarInJarDependencyLocator/]: No dependencies to load found. Skipping!
[05Sep2026 20:03:33.087] [main/INFO] [net.neoforged.fml.loading.FMLServiceProvider/CORE]: Loading coremod script-engine for [neoforge]
[05Sep2026 20:03:33.515] [main/INFO] [cpw.mods.modlauncher.LaunchServiceHandler/MODLAUNCHER]: Launching target 'forgeserverdev' with arguments [--gameDir, /home/aric/MultiForge/upstream/neoforge-1.21.1/projects/neoforge/run/server, nogui]
[05Sep2026 20:03:36.326] [main/WARN] [net.minecraft.commands.Commands/]: Ambiguity between arguments [teleport, location] and [teleport, destination] with inputs: [0.1 -0.5 .9, 0 0 0]
[05Sep2026 20:03:36.326] [main/WARN] [net.minecraft.commands.Commands/]: Ambiguity between arguments [teleport, location] and [teleport, targets] with inputs: [0.1 -0.5 .9, 0 0 0]
[05Sep2026 20:03:36.328] [main/WARN] [net.minecraft.commands.Commands/]: Ambiguity between arguments [teleport, destination] and [teleport, targets] with inputs: [Player, 0123, @e, dd12be42-52a9-4a91-a8a1-11c01849e498]
[05Sep2026 20:03:36.328] [main/WARN] [net.minecraft.commands.Commands/]: Ambiguity between arguments [teleport, targets] and [teleport, destination] with inputs: [Player, 0123, dd12be42-52a9-4a91-a8a1-11c01849e498]
[05Sep2026 20:03:36.329] [main/WARN] [net.minecraft.commands.Commands/]: Ambiguity between arguments [teleport, targets, location] and [teleport, targets, destination] with inputs: [0.1 -0.5 .9, 0 0 0]
[05Sep2026 20:03:36.369] [modloading-worker-0/INFO] [net.neoforged.neoforge.common.NeoForgeMod/NEOFORGE-MOD]: NeoForge mod loading, version 1.21.1-m9-design.47-beta-develop, for MC 1.21.1
[05Sep2026 20:03:36.508] [main/INFO] [com.mojang.authlib.yggdrasil.YggdrasilAuthenticationService/]: Environment: Environment[sessionHost=https://sessionserver.mojang.com, servicesHost=https://api.minecraftservices.com, name=PROD]
[05Sep2026 20:03:36.529] [main/WARN] [net.minecraft.server.packs.VanillaPackResourcesBuilder/]: Assets URL 'union:/home/aric/MultiForge/upstream/neoforge-1.21.1/projects/neoforge/build/resources/main/%23183!/assets/.mcassetsroot' uses unexpected schema
[05Sep2026 20:03:36.530] [main/WARN] [net.minecraft.server.packs.VanillaPackResourcesBuilder/]: Assets URL 'union:/home/aric/MultiForge/upstream/neoforge-1.21.1/projects/neoforge/build/resources/main/%23183!/data/.mcassetsroot' uses unexpected schema
[05Sep2026 20:03:36.778] [main/INFO] [net.minecraft.server.Main/]: No existing world data, creating new world
[05Sep2026 20:03:36.956] [main/INFO] [net.minecraft.world.item.crafting.RecipeManager/]: Loaded 1290 recipes
[05Sep2026 20:03:37.026] [main/INFO] [net.minecraft.advancements.AdvancementTree/]: Loaded 1399 advancements
[05Sep2026 20:03:37.295] [Server thread/INFO] [net.minecraft.server.dedicated.DedicatedServer/]: Starting minecraft server version 1.21.1
[05Sep2026 20:03:37.295] [Server thread/INFO] [net.minecraft.server.dedicated.DedicatedServer/]: Loading properties
[05Sep2026 20:03:37.295] [Server thread/INFO] [net.minecraft.server.dedicated.DedicatedServer/]: Default game type: SURVIVAL
[05Sep2026 20:03:37.295] [Server thread/INFO] [net.minecraft.server.MinecraftServer/]: Generating keypair
[05Sep2026 20:03:37.328] [Server thread/INFO] [net.minecraft.server.dedicated.DedicatedServer/]: Starting Minecraft server on *:25565
[05Sep2026 20:03:37.349] [Server thread/INFO] [net.minecraft.server.network.ServerConnectionListener/]: Using epoll channel type
[05Sep2026 20:03:37.364] [Server thread/WARN] [net.minecraft.server.dedicated.DedicatedServer/]: **** SERVER IS RUNNING IN OFFLINE/INSECURE MODE!
[05Sep2026 20:03:37.364] [Server thread/WARN] [net.minecraft.server.dedicated.DedicatedServer/]: The server will make no attempt to authenticate usernames. Beware.
[05Sep2026 20:03:37.364] [Server thread/WARN] [net.minecraft.server.dedicated.DedicatedServer/]: While this makes the game possible to play without internet access, it also opens up the ability for hackers to connect with any username they choose.
[05Sep2026 20:03:37.364] [Server thread/WARN] [net.minecraft.server.dedicated.DedicatedServer/]: To change this, set "online-mode" to "true" in the server.properties file.
[05Sep2026 20:03:37.389] [Server thread/INFO] [net.minecraft.server.dedicated.DedicatedServer/]: Preparing level "world"
[05Sep2026 20:03:38.751] [Server thread/INFO] [net.minecraft.server.MinecraftServer/]: Preparing start region for dimension minecraft:overworld
[05Sep2026 20:03:38.766] [worldgen/INFO] [net.minecraft.server.level.progress.LoggerChunkProgressListener/]: Preparing spawn area: 2%
[05Sep2026 20:03:39.126] [worldgen/WARN] [multiforge.violation/]: [BlockEntity.setChanged] off-thread mutation attempt from 'worldgen' (domain=UNKNOWN)
[05Sep2026 20:03:39.257] [worldgen/INFO] [net.minecraft.server.level.progress.LoggerChunkProgressListener/]: Preparing spawn area: 2%
[05Sep2026 20:03:39.753] [worldgen/INFO] [net.minecraft.server.level.progress.LoggerChunkProgressListener/]: Preparing spawn area: 51%
[05Sep2026 20:03:40.066] [Server thread/INFO] [net.minecraft.server.level.progress.LoggerChunkProgressListener/]: Time elapsed: 1315 ms
[05Sep2026 20:03:40.067] [Server thread/INFO] [net.minecraft.server.dedicated.DedicatedServer/]: Done (2.698s)! For help, type "help"
[05Sep2026 20:03:40.083] [Server thread/INFO] [net.neoforged.neoforge.gametest.GameTestHooks/]: Enabled Gametest Namespaces: []
[05Sep2026 20:03:40.086] [Server thread/INFO] [net.neoforged.neoforge.server.permission.PermissionAPI/]: Successfully initialized permission handler neoforge:default_handler
