> Task :buildSrc:extractPluginRequests UP-TO-DATE
> Task :buildSrc:generatePluginAdapters UP-TO-DATE
> Task :buildSrc:compileJava UP-TO-DATE
> Task :buildSrc:compileGroovy NO-SOURCE
> Task :buildSrc:compileGroovyPlugins UP-TO-DATE
> Task :buildSrc:pluginDescriptors UP-TO-DATE
> Task :buildSrc:processResources UP-TO-DATE
> Task :buildSrc:classes UP-TO-DATE
> Task :buildSrc:jar UP-TO-DATE

> Configure project :
NeoForge version 1.21.1-m9-design.47-beta-develop

> Task :neoforge:cacheVersionManifest1.21.1 UP-TO-DATE
> Task :neoforge:cacheVersionExecutableClient1.21.1 UP-TO-DATE
> Task :neoforge:cacheVersionExecutableServer1.21.1 UP-TO-DATE
> Task :neoforge:neoFormListLibraries UP-TO-DATE
> Task :neoforge:cacheVersionMappingsClient1.21.1 UP-TO-DATE
> Task :neoforge:platformCombineMappingsForMapCleanForCacheVersionExecutableClient1.21.1 UP-TO-DATE
> Task :neoforge:deobfuscateCacheVersionExecutableClient1.21.1 UP-TO-DATE
> Task :neoforge:cacheVersionMappingsServer1.21.1 UP-TO-DATE
> Task :neoforge:neoFormStripClient UP-TO-DATE
> Task :neoforge:neoFormExtractServer UP-TO-DATE
> Task :neoforge:platformCombineMappingsForMapCleanForNeoFormExtractServer UP-TO-DATE
> Task :neoforge:deobfuscateNeoFormExtractServer UP-TO-DATE
> Task :neoforge:neoFormStripServer UP-TO-DATE
> Task :neoforge:neoFormMerge UP-TO-DATE
> Task :neoforge:neoFormMergeMappings UP-TO-DATE
> Task :neoforge:neoFormRename UP-TO-DATE
> Task :neoforge:neoFormDecompile UP-TO-DATE
> Task :neoforge:neoFormApplyUserAccessTransformer UP-TO-DATE
> Task :neoforge:neoFormInject UP-TO-DATE
> Task :neoforge:neoFormPatch UP-TO-DATE
> Task :neoforge:neoFormApplyOfficialMappings UP-TO-DATE
> Task :neoforge:supplySourcesForneoFormJoined1.21.1-20240808.144430 UP-TO-DATE
> Task :neoforge:platformJoined1.21.1-20240808.144430ApplyPatches UP-TO-DATE
> Task :neoforge:platformJoined1.21.1-20240808.144430SourceFromAppliedPatches UP-TO-DATE

> Task :neoforge:applyMultiforgePatches
MultiForge: 01-ownership/ServerLevel.java.patch already applied — skipping
MultiForge: 01-ownership/Entity.java.patch already applied — skipping
MultiForge: 01-ownership/Level.java.patch already applied — skipping
MultiForge: 01-ownership/LevelAccessor.java.patch already applied — skipping
MultiForge: 01-ownership/BlockEntity.java.patch already applied — skipping
MultiForge: 02-region-tick/MinecraftServer.java.patch already applied — skipping
MultiForge: 04-chunk-system/ChunkGenerationTask.java.patch already applied — skipping
MultiForge: 04-chunk-system/ChunkHolder.java.patch already applied — skipping
MultiForge: 04-chunk-system/ChunkMap.java.patch already applied — skipping
MultiForge: 04-chunk-system/DistanceManager.java.patch already applied — skipping
MultiForge: 04-chunk-system/GenerationChunkHolder.java.patch already applied — skipping
MultiForge: 04-chunk-system/ServerChunkCache.java.patch already applied — skipping
MultiForge: 04-chunk-system/ThreadedLevelLightEngine.java.patch already applied — skipping
MultiForge: 04-chunk-system/Ticket.java.patch already applied — skipping
MultiForge: 0 patch(es) applied, 14 already up to date.

> Task :neoforge:compileJava UP-TO-DATE
> Task :neoforge:processResources UP-TO-DATE
> Task :neoforge:classes UP-TO-DATE
> Task :neoforge:create1.21.1ClientExtraJar UP-TO-DATE
> Task :neoforge:selectRawArtifactNg_dummy_ng.net.minecraft_client_1.21.1_client-extra UP-TO-DATE

> Task :neoforge:runServer
[32m[20:08:46.740] [main/INFO] [Launcher/MODLAUNCHER]: ModLauncher running: args [--gameDir, /home/aric/MultiForge/upstream/neoforge-1.21.1/projects/neoforge/run/server, --fml.neoForgeVersion, 1.21.1-m9-design.47-beta-develop, --fml.fmlVersion, 4.0.24, --fml.mcVersion, 1.21.1, --fml.neoFormVersion, 20240808.144430, nogui, --launchTarget, forgeserverdev] 
[m[32m[20:08:46.741] [main/INFO] [Launcher/MODLAUNCHER]: JVM identified as Eclipse Adoptium OpenJDK 64-Bit Server VM 21.0.12.1+1-LTS 
[m[32m[20:08:46.742] [main/INFO] [Launcher/MODLAUNCHER]: ModLauncher 11.0.4+main.d2e20e43 starting: java version 21.0.12.1 by Eclipse Adoptium; OS Linux arch amd64 version 7.1.9-zen1-2-zen 
[m[32m[20:08:46.796] [main/INFO] [loading.ImmediateWindowHandler/]: ImmediateWindowProvider not loading because launch target is forgeserverdev 
[m[32m[20:08:46.821] [main/INFO] [mixin/]: SpongePowered MIXIN Subsystem Version=0.8.6 Source=union:/home/aric/.gradle/caches/modules-2/files-2.1/net.fabricmc/sponge-mixin/0.14.0+mixin.0.8.6/c265173c84346e9e5d42a2384b2b02bd39a4a899/sponge-mixin-0.14.0+mixin.0.8.6.jar%23169!/ Service=ModLauncher Env=SERVER 
[m[32m[20:08:46.919] [main/INFO] [loading.moddiscovery.ModDiscoverer/SCAN]: Found mod file "main" [locator: neoforge devenv provider ([/home/aric/MultiForge/upstream/neoforge-1.21.1/projects/neoforge/build/resources/main, /home/aric/MultiForge/upstream/neoforge-1.21.1/projects/neoforge/build/classes/java/main])] 
[m[32m[20:08:46.925] [main/INFO] [loading.moddiscovery.ModDiscoverer/SCAN]: Found mod file "main" [locator: neoforge devenv provider ([/home/aric/MultiForge/upstream/neoforge-1.21.1/projects/neoforge/build/resources/main, /home/aric/MultiForge/upstream/neoforge-1.21.1/projects/neoforge/build/classes/java/main])] 
[m[32m[20:08:46.929] [main/INFO] [loading.moddiscovery.ModDiscoverer/SCAN]: Found mod file "main" [locator: userdev mods and services, reader: mod manifest] 
[m[32m[20:08:46.952] [main/INFO] [loading.moddiscovery.locators.JarInJarDependencyLocator/]: No dependencies to load found. Skipping! 
[m[32m[20:08:47.055] [main/INFO] [loading.FMLServiceProvider/CORE]: Loading coremod script-engine for [neoforge] 
[m[32m[20:08:47.490] [main/INFO] [LaunchServiceHandler/MODLAUNCHER]: Launching target 'forgeserverdev' with arguments [--gameDir, /home/aric/MultiForge/upstream/neoforge-1.21.1/projects/neoforge/run/server, nogui] 
[mWARN StatusConsoleListener Advanced terminal features are not available in this environment
[20:08:50] [main/WARN] [minecraft/Commands]: Ambiguity between arguments [teleport, location] and [teleport, destination] with inputs: [0.1 -0.5 .9, 0 0 0]
[20:08:50] [main/WARN] [minecraft/Commands]: Ambiguity between arguments [teleport, location] and [teleport, targets] with inputs: [0.1 -0.5 .9, 0 0 0]
[20:08:50] [main/WARN] [minecraft/Commands]: Ambiguity between arguments [teleport, destination] and [teleport, targets] with inputs: [Player, 0123, @e, dd12be42-52a9-4a91-a8a1-11c01849e498]
[20:08:50] [main/WARN] [minecraft/Commands]: Ambiguity between arguments [teleport, targets] and [teleport, destination] with inputs: [Player, 0123, dd12be42-52a9-4a91-a8a1-11c01849e498]
[20:08:50] [main/WARN] [minecraft/Commands]: Ambiguity between arguments [teleport, targets, location] and [teleport, targets, destination] with inputs: [0.1 -0.5 .9, 0 0 0]
[20:08:50] [modloading-worker-0/INFO] [ne.ne.ne.co.NeoForgeMod/NEOFORGE-MOD]: NeoForge mod loading, version 1.21.1-m9-design.47-beta-develop, for MC 1.21.1
[20:08:50] [main/INFO] [mojang/YggdrasilAuthenticationService]: Environment: Environment[sessionHost=https://sessionserver.mojang.com, servicesHost=https://api.minecraftservices.com, name=PROD]
[20:08:50] [main/WARN] [minecraft/VanillaPackResourcesBuilder]: Assets URL 'union:/home/aric/MultiForge/upstream/neoforge-1.21.1/projects/neoforge/build/resources/main/%23183!/assets/.mcassetsroot' uses unexpected schema
[20:08:50] [main/WARN] [minecraft/VanillaPackResourcesBuilder]: Assets URL 'union:/home/aric/MultiForge/upstream/neoforge-1.21.1/projects/neoforge/build/resources/main/%23183!/data/.mcassetsroot' uses unexpected schema
[20:08:50] [main/INFO] [minecraft/Main]: No existing world data, creating new world
[20:08:50] [main/INFO] [minecraft/RecipeManager]: Loaded 1290 recipes
[20:08:51] [main/INFO] [minecraft/AdvancementTree]: Loaded 1399 advancements
[20:08:51] [Server thread/INFO] [minecraft/DedicatedServer]: Starting minecraft server version 1.21.1
[20:08:51] [Server thread/INFO] [minecraft/DedicatedServer]: Loading properties
[20:08:51] [Server thread/INFO] [minecraft/DedicatedServer]: Default game type: SURVIVAL
[20:08:51] [Server thread/INFO] [minecraft/MinecraftServer]: Generating keypair
[20:08:51] [Server thread/INFO] [minecraft/DedicatedServer]: Starting Minecraft server on *:25565
[20:08:51] [Server thread/INFO] [minecraft/ServerConnectionListener]: Using epoll channel type
[20:08:51] [Server thread/WARN] [minecraft/DedicatedServer]: **** SERVER IS RUNNING IN OFFLINE/INSECURE MODE!
[20:08:51] [Server thread/WARN] [minecraft/DedicatedServer]: The server will make no attempt to authenticate usernames. Beware.
[20:08:51] [Server thread/WARN] [minecraft/DedicatedServer]: While this makes the game possible to play without internet access, it also opens up the ability for hackers to connect with any username they choose.
[20:08:51] [Server thread/WARN] [minecraft/DedicatedServer]: To change this, set "online-mode" to "true" in the server.properties file.
[20:08:51] [Server thread/INFO] [minecraft/DedicatedServer]: Preparing level "world"
[20:08:52] [Server thread/INFO] [minecraft/MinecraftServer]: Preparing start region for dimension minecraft:overworld
[20:08:52] [worldgen/INFO] [minecraft/LoggerChunkProgressListener]: Preparing spawn area: 2%
[20:08:53] [worldgen/WARN] [mu.violation/]: [BlockEntity.setChanged] off-thread mutation attempt from 'worldgen' (domain=UNKNOWN)
[20:08:53] [worldgen/INFO] [minecraft/LoggerChunkProgressListener]: Preparing spawn area: 2%
[20:08:53] [worldgen/INFO] [minecraft/LoggerChunkProgressListener]: Preparing spawn area: 51%
[20:08:54] [Server thread/INFO] [minecraft/LoggerChunkProgressListener]: Time elapsed: 1339 ms
[20:08:54] [Server thread/INFO] [minecraft/DedicatedServer]: Done (2.749s)! For help, type "help"
[20:08:54] [Server thread/INFO] [ne.ne.ne.ga.GameTestHooks/]: Enabled Gametest Namespaces: []
[20:08:54] [Server thread/INFO] [ne.ne.ne.se.pe.PermissionAPI/]: Successfully initialized permission handler neoforge:default_handler
WARN StatusConsoleListener Unable to register Log4j shutdown hook because JVM is shutting down. Using SimpleLogger

> Task :neoforge:runServer FAILED

FAILURE: Build failed with an exception.

* What went wrong:
Execution failed for task ':neoforge:runServer'.
> Process 'command '/home/aric/.local/jdk/jdk-21.0.12.1+1/bin/java'' finished with non-zero exit value 130

* Try:
> Run with --stacktrace option to get the stack trace.
> Run with --info or --debug option to get more log output.
> Run with --scan to get full insights.
> Get more help at https://help.gradle.org.

BUILD FAILED in 10m 13s
37 actionable tasks: 2 executed, 35 up-to-date
