> Task :buildSrc:extractPluginRequests UP-TO-DATE
> Task :buildSrc:generatePluginAdapters UP-TO-DATE
> Task :buildSrc:compileJava UP-TO-DATE
> Task :buildSrc:compileGroovy NO-SOURCE
> Task :buildSrc:compileGroovyPlugins UP-TO-DATE
> Task :buildSrc:pluginDescriptors UP-TO-DATE
> Task :buildSrc:processResources UP-TO-DATE
> Task :buildSrc:classes UP-TO-DATE
> Task :buildSrc:jar UP-TO-DATE

> Configure project :
NeoForge version 1.21.1-m9-design.51-beta-develop

> Task :neoforge:compileJava UP-TO-DATE
> Task :neoforge:processResources
> Task :neoforge:classes
> Task :neoforge:create1.21.1ClientExtraJar UP-TO-DATE
> Task :neoforge:selectRawArtifactNg_dummy_ng.net.minecraft_client_1.21.1_client-extra UP-TO-DATE

> Task :neoforge:runServer
[32m[21:57:09.785] [main/INFO] [Launcher/MODLAUNCHER]: ModLauncher running: args [--gameDir, /home/aric/MultiForge/upstream/neoforge-1.21.1/projects/neoforge/run/server, --fml.neoForgeVersion, 1.21.1-m9-design.51-beta-develop, --fml.fmlVersion, 4.0.24, --fml.mcVersion, 1.21.1, --fml.neoFormVersion, 20240808.144430, nogui, --launchTarget, forgeserverdev] 
[m[32m[21:57:09.786] [main/INFO] [Launcher/MODLAUNCHER]: JVM identified as Eclipse Adoptium OpenJDK 64-Bit Server VM 21.0.12.1+1-LTS 
[m[32m[21:57:09.787] [main/INFO] [Launcher/MODLAUNCHER]: ModLauncher 11.0.4+main.d2e20e43 starting: java version 21.0.12.1 by Eclipse Adoptium; OS Linux arch amd64 version 7.1.9-zen1-2-zen 
[m[32m[21:57:09.846] [main/INFO] [loading.ImmediateWindowHandler/]: ImmediateWindowProvider not loading because launch target is forgeserverdev 
[m[32m[21:57:09.871] [main/INFO] [mixin/]: SpongePowered MIXIN Subsystem Version=0.8.6 Source=union:/home/aric/.gradle/caches/modules-2/files-2.1/net.fabricmc/sponge-mixin/0.14.0+mixin.0.8.6/c265173c84346e9e5d42a2384b2b02bd39a4a899/sponge-mixin-0.14.0+mixin.0.8.6.jar%23163!/ Service=ModLauncher Env=SERVER 
[m[32m[21:57:09.974] [main/INFO] [loading.moddiscovery.ModDiscoverer/SCAN]: Found mod file "main" [locator: neoforge devenv provider ([/home/aric/MultiForge/upstream/neoforge-1.21.1/projects/neoforge/build/resources/main, /home/aric/MultiForge/upstream/neoforge-1.21.1/projects/neoforge/build/classes/java/main])] 
[m[32m[21:57:09.980] [main/INFO] [loading.moddiscovery.ModDiscoverer/SCAN]: Found mod file "main" [locator: neoforge devenv provider ([/home/aric/MultiForge/upstream/neoforge-1.21.1/projects/neoforge/build/resources/main, /home/aric/MultiForge/upstream/neoforge-1.21.1/projects/neoforge/build/classes/java/main])] 
[m[32m[21:57:09.984] [main/INFO] [loading.moddiscovery.ModDiscoverer/SCAN]: Found mod file "main" [locator: userdev mods and services, reader: mod manifest] 
[m[32m[21:57:10.010] [main/INFO] [loading.moddiscovery.locators.JarInJarDependencyLocator/]: No dependencies to load found. Skipping! 
[m[32m[21:57:10.117] [main/INFO] [loading.FMLServiceProvider/CORE]: Loading coremod script-engine for [neoforge] 
[m[32m[21:57:10.540] [main/INFO] [LaunchServiceHandler/MODLAUNCHER]: Launching target 'forgeserverdev' with arguments [--gameDir, /home/aric/MultiForge/upstream/neoforge-1.21.1/projects/neoforge/run/server, nogui] 
[mWARN StatusConsoleListener Advanced terminal features are not available in this environment
[21:57:13] [main/WARN] [minecraft/Commands]: Ambiguity between arguments [teleport, location] and [teleport, destination] with inputs: [0.1 -0.5 .9, 0 0 0]
[21:57:13] [main/WARN] [minecraft/Commands]: Ambiguity between arguments [teleport, location] and [teleport, targets] with inputs: [0.1 -0.5 .9, 0 0 0]
[21:57:13] [main/WARN] [minecraft/Commands]: Ambiguity between arguments [teleport, destination] and [teleport, targets] with inputs: [Player, 0123, @e, dd12be42-52a9-4a91-a8a1-11c01849e498]
[21:57:13] [main/WARN] [minecraft/Commands]: Ambiguity between arguments [teleport, targets] and [teleport, destination] with inputs: [Player, 0123, dd12be42-52a9-4a91-a8a1-11c01849e498]
[21:57:13] [main/WARN] [minecraft/Commands]: Ambiguity between arguments [teleport, targets, location] and [teleport, targets, destination] with inputs: [0.1 -0.5 .9, 0 0 0]
[21:57:13] [modloading-worker-0/INFO] [ne.ne.ne.co.NeoForgeMod/NEOFORGE-MOD]: NeoForge mod loading, version 1.21.1-m9-design.51-beta-develop, for MC 1.21.1
[21:57:13] [main/INFO] [mojang/YggdrasilAuthenticationService]: Environment: Environment[sessionHost=https://sessionserver.mojang.com, servicesHost=https://api.minecraftservices.com, name=PROD]
[21:57:13] [main/WARN] [minecraft/VanillaPackResourcesBuilder]: Assets URL 'union:/home/aric/MultiForge/upstream/neoforge-1.21.1/projects/neoforge/build/resources/main/%23175!/assets/.mcassetsroot' uses unexpected schema
[21:57:13] [main/WARN] [minecraft/VanillaPackResourcesBuilder]: Assets URL 'union:/home/aric/MultiForge/upstream/neoforge-1.21.1/projects/neoforge/build/resources/main/%23175!/data/.mcassetsroot' uses unexpected schema
[21:57:13] [main/INFO] [minecraft/Main]: No existing world data, creating new world
[21:57:14] [main/INFO] [minecraft/RecipeManager]: Loaded 1290 recipes
[21:57:14] [main/INFO] [minecraft/AdvancementTree]: Loaded 1399 advancements
[21:57:14] [Server thread/INFO] [minecraft/DedicatedServer]: Starting minecraft server version 1.21.1
[21:57:14] [Server thread/INFO] [minecraft/DedicatedServer]: Loading properties
[21:57:14] [Server thread/INFO] [minecraft/DedicatedServer]: Default game type: SURVIVAL
[21:57:14] [Server thread/INFO] [minecraft/MinecraftServer]: Generating keypair
[21:57:14] [Server thread/INFO] [minecraft/DedicatedServer]: Starting Minecraft server on *:25565
[21:57:14] [Server thread/INFO] [minecraft/ServerConnectionListener]: Using epoll channel type
[21:57:14] [Server thread/WARN] [minecraft/DedicatedServer]: **** SERVER IS RUNNING IN OFFLINE/INSECURE MODE!
[21:57:14] [Server thread/WARN] [minecraft/DedicatedServer]: The server will make no attempt to authenticate usernames. Beware.
[21:57:14] [Server thread/WARN] [minecraft/DedicatedServer]: While this makes the game possible to play without internet access, it also opens up the ability for hackers to connect with any username they choose.
[21:57:14] [Server thread/WARN] [minecraft/DedicatedServer]: To change this, set "online-mode" to "true" in the server.properties file.
[21:57:14] [Server thread/INFO] [minecraft/DedicatedServer]: Preparing level "world"
[21:57:15] [Server thread/INFO] [minecraft/MinecraftServer]: Preparing start region for dimension minecraft:overworld
[21:57:15] [worldgen/INFO] [minecraft/LoggerChunkProgressListener]: Preparing spawn area: 2%
[21:57:16] [worldgen/INFO] [minecraft/LoggerChunkProgressListener]: Preparing spawn area: 2%
[21:57:16] [worldgen/INFO] [minecraft/LoggerChunkProgressListener]: Preparing spawn area: 51%
[21:57:17] [Server thread/INFO] [minecraft/LoggerChunkProgressListener]: Time elapsed: 1257 ms
[21:57:17] [Server thread/INFO] [minecraft/DedicatedServer]: Done (2.640s)! For help, type "help"
[21:57:17] [Server thread/INFO] [minecraft/DedicatedServer]: Starting remote control listener
[21:57:17] [Server thread/INFO] [minecraft/GenericThread]: Thread RCON Listener started
[21:57:17] [Server thread/INFO] [minecraft/RconThread]: RCON running on 0.0.0.0:25575
[21:57:17] [Server thread/INFO] [ne.ne.ne.ga.GameTestHooks/]: Enabled Gametest Namespaces: []
[21:57:17] [Server thread/INFO] [ne.ne.ne.se.pe.PermissionAPI/]: Successfully initialized permission handler neoforge:default_handler
[21:57:17] [RCON Listener #1/INFO] [minecraft/GenericThread]: Thread RCON Client /127.0.0.1 started
[21:57:17] [Server thread/INFO] [minecraft/MinecraftServer]: [Rcon: The game is frozen]
[21:57:17] [RCON Client /127.0.0.1 #2/INFO] [minecraft/RconClient]: Thread RCON Client /127.0.0.1 shutting down
[21:57:17] [RCON Listener #1/INFO] [minecraft/GenericThread]: Thread RCON Client /127.0.0.1 started
[21:57:17] [RCON Client /127.0.0.1 #3/INFO] [minecraft/RconClient]: Thread RCON Client /127.0.0.1 shutting down
[21:57:17] [RCON Listener #1/INFO] [minecraft/GenericThread]: Thread RCON Client /127.0.0.1 started
[21:57:17] [RCON Client /127.0.0.1 #4/INFO] [minecraft/RconClient]: Thread RCON Client /127.0.0.1 shutting down
[21:57:17] [RCON Listener #1/INFO] [minecraft/GenericThread]: Thread RCON Client /127.0.0.1 started
[21:57:17] [Server thread/INFO] [minecraft/MinecraftServer]: ThreadedAnvilChunkStorage (world): All chunks are saved
[21:57:17] [Server thread/INFO] [minecraft/MinecraftServer]: ThreadedAnvilChunkStorage (DIM-1): All chunks are saved
[21:57:17] [Server thread/INFO] [minecraft/MinecraftServer]: ThreadedAnvilChunkStorage (DIM1): All chunks are saved
[21:57:17] [Server thread/INFO] [minecraft/MinecraftServer]: ThreadedAnvilChunkStorage: All dimensions are saved
[21:57:17] [Server thread/INFO] [minecraft/MinecraftServer]: [Rcon: Saved the game]
[21:57:17] [RCON Client /127.0.0.1 #5/INFO] [minecraft/RconClient]: Thread RCON Client /127.0.0.1 shutting down
[21:57:20] [RCON Listener #1/INFO] [minecraft/GenericThread]: Thread RCON Client /127.0.0.1 started
[21:57:20] [Server thread/INFO] [minecraft/MinecraftServer]: [Rcon: Stopping the server]
[21:57:20] [RCON Client /127.0.0.1 #6/INFO] [minecraft/RconClient]: Thread RCON Client /127.0.0.1 shutting down
[21:57:20] [Server thread/INFO] [minecraft/MinecraftServer]: Stopping server
[21:57:20] [Server thread/INFO] [minecraft/MinecraftServer]: Saving players
[21:57:20] [Server thread/INFO] [minecraft/MinecraftServer]: Saving worlds
[21:57:21] [Server thread/INFO] [minecraft/MinecraftServer]: Saving chunks for level 'ServerLevel[world]'/minecraft:overworld
[21:57:21] [Server thread/INFO] [minecraft/MinecraftServer]: Saving chunks for level 'ServerLevel[world]'/minecraft:the_nether
[21:57:21] [Server thread/INFO] [minecraft/MinecraftServer]: Saving chunks for level 'ServerLevel[world]'/minecraft:the_end
[21:57:21] [Server thread/INFO] [minecraft/MinecraftServer]: ThreadedAnvilChunkStorage (world): All chunks are saved
[21:57:21] [Server thread/INFO] [minecraft/MinecraftServer]: ThreadedAnvilChunkStorage (DIM-1): All chunks are saved
[21:57:21] [Server thread/INFO] [minecraft/MinecraftServer]: ThreadedAnvilChunkStorage (DIM1): All chunks are saved
[21:57:21] [Server thread/INFO] [minecraft/MinecraftServer]: ThreadedAnvilChunkStorage: All dimensions are saved
[21:57:21] [Server thread/INFO] [minecraft/GenericThread]: Thread RCON Listener stopped

BUILD SUCCESSFUL in 14s
12 actionable tasks: 2 executed, 10 up-to-date
